Trying to access private variable...
Hey! You can't access that variable here. tried to access: x.key from out of its appropriate context. Encapsulation successfully protected :)